../Core/Src/st7735.c:88:13:ST7735_Select	8	static
../Core/Src/st7735.c:92:6:ST7735_Unselect	8	static
../Core/Src/st7735.c:96:13:ST7735_Reset	8	static
../Core/Src/st7735.c:102:13:ST7735_WriteCommand	16	static
../Core/Src/st7735.c:107:13:ST7735_WriteData	16	static
../Core/Src/st7735.c:112:13:ST7735_ExecuteCommandList	32	static
../Core/Src/st7735.c:138:13:ST7735_SetAddressWindow	32	static
../Core/Src/st7735.c:154:6:ST7735_Init	8	static
../Core/Src/st7735.c:163:6:ST7735_DrawPixel	32	static
../Core/Src/st7735.c:176:13:ST7735_WriteChar	48	static
../Core/Src/st7735.c:210:6:ST7735_WriteString	48	static
../Core/Src/st7735.c:236:6:ST7735_FillRectangle	32	static
../Core/Src/st7735.c:256:6:ST7735_FillRectangleFast	32	static
../Core/Src/st7735.c:279:6:ST7735_FillScreen	24	static
../Core/Src/st7735.c:283:6:ST7735_FillScreenFast	24	static
../Core/Src/st7735.c:287:6:ST7735_DrawImage	24	static
../Core/Src/st7735.c:298:6:ST7735_InvertColors	16	static
../Core/Src/st7735.c:304:6:ST7735_SetGamma	16	static
../Core/Src/st7735.c:312:6:ST7735_DrawLine	40	static
