../Core/Src/vl53l1_platform.c:79:5:_I2CWrite	48	static
../Core/Src/vl53l1_platform.c:91:5:_I2CRead	48	static
../Core/Src/vl53l1_platform.c:103:14:VL53L1_WriteMulti	32	static
../Core/Src/vl53l1_platform.c:122:14:VL53L1_ReadMulti	40	static
../Core/Src/vl53l1_platform.c:143:14:VL53L1_WrByte	32	static
../Core/Src/vl53l1_platform.c:160:14:VL53L1_WrWord	32	static
../Core/Src/vl53l1_platform.c:178:14:VL53L1_WrDWord	32	static
../Core/Src/vl53l1_platform.c:196:14:VL53L1_UpdateByte	40	static
../Core/Src/vl53l1_platform.c:210:14:VL53L1_RdByte	32	static
../Core/Src/vl53l1_platform.c:231:14:VL53L1_RdWord	32	static
../Core/Src/vl53l1_platform.c:256:14:VL53L1_RdDWord	32	static
../Core/Src/vl53l1_platform.c:281:14:VL53L1_GetTickCount	24	static
../Core/Src/vl53l1_platform.c:333:14:VL53L1_GetTimerFrequency	16	static
../Core/Src/vl53l1_platform.c:342:14:VL53L1_WaitMs	16	static
../Core/Src/vl53l1_platform.c:348:14:VL53L1_WaitUs	16	static
../Core/Src/vl53l1_platform.c:354:14:VL53L1_WaitValueMaskEx	56	static
