21:20:21 **** Incremental Build of configuration Debug for project gigaczujnik ****
make -j8 all 
arm-none-eabi-gcc "../Core/Src/main.c" -mcpu=cortex-m0plus -std=gnu11 -g3 -DDEBUG -DUSE_HAL_DRIVER -DSTM32L073xx -c -I../Core/Inc -I../Drivers/STM32L0xx_HAL_Driver/Inc -I../Drivers/STM32L0xx_HAL_Driver/Inc/Legacy -I../Drivers/CMSIS/Device/ST/STM32L0xx/Include -I../Drivers/CMSIS/Include -O0 -ffunction-sections -fdata-sections -Wall -fstack-usage -MMD -MP -MF"Core/Src/main.d" -MT"Core/Src/main.o" --specs=nano.specs -mfloat-abi=soft -mthumb -o "Core/Src/main.o"
arm-none-eabi-gcc -o "gigaczujnik.elf" @"objects.list"   -mcpu=cortex-m0plus -T"C:\Users\Lukasz\Desktop\STM32\STM32_Usefull_Codes\gigaczujnik\STM32L073RZTX_FLASH.ld" --specs=nosys.specs -Wl,-Map="gigaczujnik.map" -Wl,--gc-sections -static -u _printf_float --specs=nano.specs -mfloat-abi=soft -mthumb -Wl,--start-group -lc -lm -Wl,--end-group
Finished building target: gigaczujnik.elf
 
arm-none-eabi-size   gigaczujnik.elf 
arm-none-eabi-objdump -h -S  gigaczujnik.elf  > "gigaczujnik.list"
   text	   data	    bss	    dec	    hex	filename
  47668	    484	   2028	  50180	   c404	gigaczujnik.elf
Finished building: default.size.stdout
 
Finished building: gigaczujnik.list
 

21:20:22 Build Finished. 0 errors, 0 warnings. (took 1s.72ms)

