23:47:04 **** Incremental Build of configuration Debug for project PMIK_PROJEKT_CLEAN ****
make -j8 all 
arm-none-eabi-gcc "../Core/Src/main.c" -mcpu=cortex-m0plus -std=gnu11 -g3 -DDEBUG -DUSE_HAL_DRIVER -DSTM32L073xx -c -I../Core/Inc -I../Drivers/STM32L0xx_HAL_Driver/Inc -I../Drivers/STM32L0xx_HAL_Driver/Inc/Legacy -I../Drivers/CMSIS/Device/ST/STM32L0xx/Include -I../Drivers/CMSIS/Include -O0 -ffunction-sections -fdata-sections -Wall -fstack-usage -MMD -MP -MF"Core/Src/main.d" -MT"Core/Src/main.o" --specs=nano.specs -mfloat-abi=soft -mthumb -o "Core/Src/main.o"
arm-none-eabi-gcc -o "PMIK_PROJEKT_CLEAN.elf" @"objects.list"   -mcpu=cortex-m0plus -T"C:\Users\Lukasz\Desktop\STM32\STM32_Usefull_Codes\PMIK_Projekt\PMIK_PROJEKT_CLEAN\STM32L073RZTX_FLASH.ld" --specs=nosys.specs -Wl,-Map="PMIK_PROJEKT_CLEAN.map" -Wl,--gc-sections -static --specs=nano.specs -mfloat-abi=soft -mthumb -u _printf_float -Wl,--start-group -lc -lm -Wl,--end-group
Finished building target: PMIK_PROJEKT_CLEAN.elf
 
arm-none-eabi-size   PMIK_PROJEKT_CLEAN.elf 
arm-none-eabi-objdump -h -S  PMIK_PROJEKT_CLEAN.elf  > "PMIK_PROJEKT_CLEAN.list"
   text	   data	    bss	    dec	    hex	filename
  50876	    488	   2240	  53604	   d164	PMIK_PROJEKT_CLEAN.elf
Finished building: default.size.stdout
 
Finished building: PMIK_PROJEKT_CLEAN.list
 

23:47:05 Build Finished. 0 errors, 0 warnings. (took 1s.330ms)

