16:38:16 **** Incremental Build of configuration Debug for project PMIK_PROJEKT_CLEAN ****
make -j8 all 
arm-none-eabi-gcc "../Core/Src/main.c" -mcpu=cortex-m0plus -std=gnu11 -g3 -DDEBUG -DUSE_HAL_DRIVER -DSTM32L073xx -c -I../Core/Inc -I../Drivers/STM32L0xx_HAL_Driver/Inc -I../Drivers/STM32L0xx_HAL_Driver/Inc/Legacy -I../Drivers/CMSIS/Device/ST/STM32L0xx/Include -I../Drivers/CMSIS/Include -O0 -ffunction-sections -fdata-sections -Wall -fstack-usage -MMD -MP -MF"Core/Src/main.d" -MT"Core/Src/main.o" --specs=nano.specs -mfloat-abi=soft -mthumb -o "Core/Src/main.o"
../Core/Src/main.c: In function 'main':
../Core/Src/main.c:177:45: warning: implicit declaration of function 'strlen' [-Wimplicit-function-declaration]
  177 |   HAL_UART_Transmit(&huart2, (uint8_t*)msg, strlen(msg),1000);
      |                                             ^~~~~~
../Core/Src/main.c:177:45: warning: incompatible implicit declaration of built-in function 'strlen'
../Core/Src/main.c:32:1: note: include '<string.h>' or provide a declaration of 'strlen'
   31 | #include "distance_sensor.h"
  +++ |+#include <string.h>
   32 | /* USER CODE END Includes */
../Core/Src/main.c:174:65: warning: '%f' directive writing between 3 and 317 bytes into a region of size between 0 and 19 [-Wformat-overflow=]
  174 |   sprintf((char*)msg,"PID_d %f PID_p %f,  PID_total %f , PID.Ki %f , Dist %d\n",PID.PID_d, PID.PID_p, PID.PID_total, PID.PID_i, data_recdist);
      |                                                                 ^~
../Core/Src/main.c:174:22: note: assuming directive output of 8 bytes
  174 |   sprintf((char*)msg,"PID_d %f PID_p %f,  PID_total %f , PID.Ki %f , Dist %d\n",PID.PID_d, PID.PID_p, PID.PID_total, PID.PID_i, data_recdist);
      |                      ^~~~~~~~~~~~~~~~~~~~~~~~~~~~~~~~~~~~~~~~~~~~~~~~~~~~~~~~~~
../Core/Src/main.c:174:3: note: 'sprintf' output between 59 and 1319 bytes into a destination of size 64
  174 |   sprintf((char*)msg,"PID_d %f PID_p %f,  PID_total %f , PID.Ki %f , Dist %d\n",PID.PID_d, PID.PID_p, PID.PID_total, PID.PID_i, data_recdist);
      |   ^~~~~~~~~~~~~~~~~~~~~~~~~~~~~~~~~~~~~~~~~~~~~~~~~~~~~~~~~~~~~~~~~~~~~~~~~~~~~~~~~~~~~~~~~~~~~~~~~~~~~~~~~~~~~~~~~~~~~~~~~~~~~~~~~~~~~~~~~~~
arm-none-eabi-gcc -o "PMIK_PROJEKT_CLEAN.elf" @"objects.list"   -mcpu=cortex-m0plus -T"C:\Users\Lukasz\Desktop\STM32\STM32_Usefull_Codes\PMIK_Projekt\PMIK_PROJEKT_CLEAN\STM32L073RZTX_FLASH.ld" --specs=nosys.specs -Wl,-Map="PMIK_PROJEKT_CLEAN.map" -Wl,--gc-sections -static --specs=nano.specs -mfloat-abi=soft -mthumb -u _printf_float -Wl,--start-group -lc -lm -Wl,--end-group
Finished building target: PMIK_PROJEKT_CLEAN.elf
 
arm-none-eabi-size   PMIK_PROJEKT_CLEAN.elf 
arm-none-eabi-objdump -h -S  PMIK_PROJEKT_CLEAN.elf  > "PMIK_PROJEKT_CLEAN.list"
   text	   data	    bss	    dec	    hex	filename
  48232	    484	   2300	  51016	   c748	PMIK_PROJEKT_CLEAN.elf
Finished building: default.size.stdout
 
Finished building: PMIK_PROJEKT_CLEAN.list
 

16:38:17 Build Finished. 0 errors, 3 warnings. (took 1s.120ms)

