19:34:42 **** Incremental Build of configuration Debug for project F334R8T6_ServoControlledbyEncoder ****
make -j8 all 
arm-none-eabi-gcc "../Core/Src/main.c" -mcpu=cortex-m4 -std=gnu11 -g3 -DDEBUG -DUSE_HAL_DRIVER -DSTM32F334x8 -c -I../Core/Inc -I../Drivers/STM32F3xx_HAL_Driver/Inc -I../Drivers/STM32F3xx_HAL_Driver/Inc/Legacy -I../Drivers/CMSIS/Device/ST/STM32F3xx/Include -I../Drivers/CMSIS/Include -O0 -ffunction-sections -fdata-sections -Wall -fstack-usage -MMD -MP -MF"Core/Src/main.d" -MT"Core/Src/main.o" --specs=nano.specs -mfpu=fpv4-sp-d16 -mfloat-abi=hard -mthumb -o "Core/Src/main.o"
arm-none-eabi-gcc -o "F334R8T6_ServoControlledbyEncoder.elf" @"objects.list"   -mcpu=cortex-m4 -T"/home/dawid/Desktop/Programing and other/GITHUB/STM32_Usefull_Codes/F334R8T6_ServoControlledbyEncoder/STM32F334R8TX_FLASH.ld" --specs=nosys.specs -Wl,-Map="F334R8T6_ServoControlledbyEncoder.map" -Wl,--gc-sections -static --specs=nano.specs -mfpu=fpv4-sp-d16 -mfloat-abi=hard -mthumb -Wl,--start-group -lc -lm -Wl,--end-group
Finished building target: F334R8T6_ServoControlledbyEncoder.elf
 
arm-none-eabi-size   F334R8T6_ServoControlledbyEncoder.elf 
arm-none-eabi-objdump -h -S  F334R8T6_ServoControlledbyEncoder.elf  > "F334R8T6_ServoControlledbyEncoder.list"
   text	   data	    bss	    dec	    hex	filename
  13676	     20	   1780	  15476	   3c74	F334R8T6_ServoControlledbyEncoder.elf
Finished building: default.size.stdout
 
Finished building: F334R8T6_ServoControlledbyEncoder.list
 

19:34:42 Build Finished. 0 errors, 0 warnings. (took 480ms)

