14:39:37 **** Incremental Build of configuration Debug for project EAME_Project ****
make -j8 all 
arm-none-eabi-gcc "../Core/Src/common.c" -mcpu=cortex-m4 -std=gnu11 -g3 -DDEBUG -DUSE_HAL_DRIVER -DSTM32F401xC -c -I../Core/Inc -I../Drivers/STM32F4xx_HAL_Driver/Inc -I../Drivers/STM32F4xx_HAL_Driver/Inc/Legacy -I../Drivers/CMSIS/Device/ST/STM32F4xx/Include -I../Drivers/CMSIS/Include -O0 -ffunction-sections -fdata-sections -Wall -fstack-usage -MMD -MP -MF"Core/Src/common.d" -MT"Core/Src/common.o" --specs=nano.specs -mfpu=fpv4-sp-d16 -mfloat-abi=hard -mthumb -o "Core/Src/common.o"
arm-none-eabi-gcc -o "EAME_Project.elf" @"objects.list"   -mcpu=cortex-m4 -T"/home/dawid/Desktop/Programing and other/GITHUB/STM32_Usefull_Codes/EAME_Project/STM32F401CCUX_FLASH.ld" --specs=nosys.specs -Wl,-Map="EAME_Project.map" -Wl,--gc-sections -static --specs=nano.specs -mfpu=fpv4-sp-d16 -mfloat-abi=hard -mthumb -Wl,--start-group -lc -lm -Wl,--end-group
Finished building target: EAME_Project.elf
 
arm-none-eabi-size   EAME_Project.elf 
arm-none-eabi-objdump -h -S  EAME_Project.elf  > "EAME_Project.list"
   text	   data	    bss	    dec	    hex	filename
  13760	    380	   1788	  15928	   3e38	EAME_Project.elf
Finished building: default.size.stdout
 
Finished building: EAME_Project.list
 
14:39:39 **** Incremental Build of configuration Debug for project EAME_Project ****
make -j8 all 
arm-none-eabi-size   EAME_Project.elf 
   text	   data	    bss	    dec	    hex	filename
  13760	    380	   1788	  15928	   3e38	EAME_Project.elf
Finished building: default.size.stdout
 
14:40:40 **** Incremental Build of configuration Debug for project EAME_Project ****
make -j8 all 
arm-none-eabi-gcc "../Core/Src/main.c" -mcpu=cortex-m4 -std=gnu11 -g3 -DDEBUG -DUSE_HAL_DRIVER -DSTM32F401xC -c -I../Core/Inc -I../Drivers/STM32F4xx_HAL_Driver/Inc -I../Drivers/STM32F4xx_HAL_Driver/Inc/Legacy -I../Drivers/CMSIS/Device/ST/STM32F4xx/Include -I../Drivers/CMSIS/Include -O0 -ffunction-sections -fdata-sections -Wall -fstack-usage -MMD -MP -MF"Core/Src/main.d" -MT"Core/Src/main.o" --specs=nano.specs -mfpu=fpv4-sp-d16 -mfloat-abi=hard -mthumb -o "Core/Src/main.o"
arm-none-eabi-gcc -o "EAME_Project.elf" @"objects.list"   -mcpu=cortex-m4 -T"/home/dawid/Desktop/Programing and other/GITHUB/STM32_Usefull_Codes/EAME_Project/STM32F401CCUX_FLASH.ld" --specs=nosys.specs -Wl,-Map="EAME_Project.map" -Wl,--gc-sections -static --specs=nano.specs -mfpu=fpv4-sp-d16 -mfloat-abi=hard -mthumb -Wl,--start-group -lc -lm -Wl,--end-group
Finished building target: EAME_Project.elf
 
arm-none-eabi-size   EAME_Project.elf 
arm-none-eabi-objdump -h -S  EAME_Project.elf  > "EAME_Project.list"
   text	   data	    bss	    dec	    hex	filename
  13764	    380	   1788	  15932	   3e3c	EAME_Project.elf
Finished building: default.size.stdout
 
Finished building: EAME_Project.list
 
14:41:11 **** Incremental Build of configuration Debug for project EAME_Project ****
make -j8 all 
arm-none-eabi-gcc "../Core/Src/main.c" -mcpu=cortex-m4 -std=gnu11 -g3 -DDEBUG -DUSE_HAL_DRIVER -DSTM32F401xC -c -I../Core/Inc -I../Drivers/STM32F4xx_HAL_Driver/Inc -I../Drivers/STM32F4xx_HAL_Driver/Inc/Legacy -I../Drivers/CMSIS/Device/ST/STM32F4xx/Include -I../Drivers/CMSIS/Include -O0 -ffunction-sections -fdata-sections -Wall -fstack-usage -MMD -MP -MF"Core/Src/main.d" -MT"Core/Src/main.o" --specs=nano.specs -mfpu=fpv4-sp-d16 -mfloat-abi=hard -mthumb -o "Core/Src/main.o"
arm-none-eabi-gcc -o "EAME_Project.elf" @"objects.list"   -mcpu=cortex-m4 -T"/home/dawid/Desktop/Programing and other/GITHUB/STM32_Usefull_Codes/EAME_Project/STM32F401CCUX_FLASH.ld" --specs=nosys.specs -Wl,-Map="EAME_Project.map" -Wl,--gc-sections -static --specs=nano.specs -mfpu=fpv4-sp-d16 -mfloat-abi=hard -mthumb -Wl,--start-group -lc -lm -Wl,--end-group
Finished building target: EAME_Project.elf
 
arm-none-eabi-size   EAME_Project.elf 
arm-none-eabi-objdump -h -S  EAME_Project.elf  > "EAME_Project.list"
   text	   data	    bss	    dec	    hex	filename
  13772	    380	   1788	  15940	   3e44	EAME_Project.elf
Finished building: default.size.stdout
 
Finished building: EAME_Project.list
 
14:41:35 **** Incremental Build of configuration Debug for project EAME_Project ****
make -j8 all 
arm-none-eabi-gcc "../Core/Src/main.c" -mcpu=cortex-m4 -std=gnu11 -g3 -DDEBUG -DUSE_HAL_DRIVER -DSTM32F401xC -c -I../Core/Inc -I../Drivers/STM32F4xx_HAL_Driver/Inc -I../Drivers/STM32F4xx_HAL_Driver/Inc/Legacy -I../Drivers/CMSIS/Device/ST/STM32F4xx/Include -I../Drivers/CMSIS/Include -O0 -ffunction-sections -fdata-sections -Wall -fstack-usage -MMD -MP -MF"Core/Src/main.d" -MT"Core/Src/main.o" --specs=nano.specs -mfpu=fpv4-sp-d16 -mfloat-abi=hard -mthumb -o "Core/Src/main.o"
arm-none-eabi-gcc -o "EAME_Project.elf" @"objects.list"   -mcpu=cortex-m4 -T"/home/dawid/Desktop/Programing and other/GITHUB/STM32_Usefull_Codes/EAME_Project/STM32F401CCUX_FLASH.ld" --specs=nosys.specs -Wl,-Map="EAME_Project.map" -Wl,--gc-sections -static --specs=nano.specs -mfpu=fpv4-sp-d16 -mfloat-abi=hard -mthumb -Wl,--start-group -lc -lm -Wl,--end-group
Finished building target: EAME_Project.elf
 
arm-none-eabi-size   EAME_Project.elf 
arm-none-eabi-objdump -h -S  EAME_Project.elf  > "EAME_Project.list"
   text	   data	    bss	    dec	    hex	filename
  13776	    380	   1788	  15944	   3e48	EAME_Project.elf
Finished building: default.size.stdout
 
Finished building: EAME_Project.list
 
14:41:55 **** Incremental Build of configuration Debug for project EAME_Project ****
make -j8 all 
arm-none-eabi-gcc "../Core/Src/main.c" -mcpu=cortex-m4 -std=gnu11 -g3 -DDEBUG -DUSE_HAL_DRIVER -DSTM32F401xC -c -I../Core/Inc -I../Drivers/STM32F4xx_HAL_Driver/Inc -I../Drivers/STM32F4xx_HAL_Driver/Inc/Legacy -I../Drivers/CMSIS/Device/ST/STM32F4xx/Include -I../Drivers/CMSIS/Include -O0 -ffunction-sections -fdata-sections -Wall -fstack-usage -MMD -MP -MF"Core/Src/main.d" -MT"Core/Src/main.o" --specs=nano.specs -mfpu=fpv4-sp-d16 -mfloat-abi=hard -mthumb -o "Core/Src/main.o"
arm-none-eabi-gcc -o "EAME_Project.elf" @"objects.list"   -mcpu=cortex-m4 -T"/home/dawid/Desktop/Programing and other/GITHUB/STM32_Usefull_Codes/EAME_Project/STM32F401CCUX_FLASH.ld" --specs=nosys.specs -Wl,-Map="EAME_Project.map" -Wl,--gc-sections -static --specs=nano.specs -mfpu=fpv4-sp-d16 -mfloat-abi=hard -mthumb -Wl,--start-group -lc -lm -Wl,--end-group
Finished building target: EAME_Project.elf
 
arm-none-eabi-size   EAME_Project.elf 
arm-none-eabi-objdump -h -S  EAME_Project.elf  > "EAME_Project.list"
   text	   data	    bss	    dec	    hex	filename
  13764	    380	   1788	  15932	   3e3c	EAME_Project.elf
Finished building: default.size.stdout
 
Finished building: EAME_Project.list
 
14:43:13 **** Incremental Build of configuration Debug for project EAME_Project ****
make -j8 all 
arm-none-eabi-gcc "../Core/Src/main.c" -mcpu=cortex-m4 -std=gnu11 -g3 -DDEBUG -DUSE_HAL_DRIVER -DSTM32F401xC -c -I../Core/Inc -I../Drivers/STM32F4xx_HAL_Driver/Inc -I../Drivers/STM32F4xx_HAL_Driver/Inc/Legacy -I../Drivers/CMSIS/Device/ST/STM32F4xx/Include -I../Drivers/CMSIS/Include -O0 -ffunction-sections -fdata-sections -Wall -fstack-usage -MMD -MP -MF"Core/Src/main.d" -MT"Core/Src/main.o" --specs=nano.specs -mfpu=fpv4-sp-d16 -mfloat-abi=hard -mthumb -o "Core/Src/main.o"
arm-none-eabi-gcc -o "EAME_Project.elf" @"objects.list"   -mcpu=cortex-m4 -T"/home/dawid/Desktop/Programing and other/GITHUB/STM32_Usefull_Codes/EAME_Project/STM32F401CCUX_FLASH.ld" --specs=nosys.specs -Wl,-Map="EAME_Project.map" -Wl,--gc-sections -static --specs=nano.specs -mfpu=fpv4-sp-d16 -mfloat-abi=hard -mthumb -Wl,--start-group -lc -lm -Wl,--end-group
Finished building target: EAME_Project.elf
 
arm-none-eabi-size   EAME_Project.elf 
arm-none-eabi-objdump -h -S  EAME_Project.elf  > "EAME_Project.list"
   text	   data	    bss	    dec	    hex	filename
  13760	    380	   1788	  15928	   3e38	EAME_Project.elf
Finished building: default.size.stdout
 
Finished building: EAME_Project.list
 
